Received: Gọi trực tiếp thành công!
2025-10-27 16:21:10 - Gọi trực tiếp thành công!
